[OK] BASE_DIR = D:\Code\prts\search
[OK] CWD = D:\Code\prts\search
[OK] import uvicorn
[OK] import webview
[OK] ui.py __main__ start
[OK] Starting uvicorn server...
[OK] webview.create_window done, calling webview.start()
[OK] BASE_DIR = D:\Code\prts\search
[OK] CWD = D:\Code\prts\search
[OK] import uvicorn
[OK] import webview
[OK] ui.py __main__ start
[OK] Starting uvicorn server...
[OK] webview.create_window done, calling webview.start()
[OK] BASE_DIR = D:\Code\prts\search
[OK] CWD = D:\Code\prts\search
[OK] import uvicorn
[OK] import webview
[OK] ui.py __main__ start
[OK] Starting uvicorn server...
[OK] webview.create_window done, calling webview.start()
[OK] BASE_DIR = D:\Code\prts\search
[OK] CWD = D:\Code\prts\search
[OK] import uvicorn
[OK] import webview
[OK] ui.py __main__ start
[OK] Starting uvicorn server...
[OK] webview.create_window done, calling webview.start()
[OK] BASE_DIR = D:\Code\prts\search
[OK] CWD = D:\Code\prts\search
[OK] import uvicorn
[OK] import webview
[OK] ui.py __main__ start
[OK] Starting uvicorn server...
[OK] webview.create_window done, calling webview.start()
[OK] BASE_DIR = D:\Code\prts\search
[OK] CWD = D:\Code\prts\search
[OK] import uvicorn
[OK] import webview
[OK] ui.py __main__ start
[OK] Starting uvicorn server...
[OK] BASE_DIR = D:\Code\prts\search
[OK] CWD = D:\Code\prts\search
[OK] import uvicorn
[OK] import webview
[OK] ui.py __main__ start
[OK] Starting uvicorn server...
[OK] webview.create_window done, calling webview.start()
[OK] BASE_DIR = D:\Code\prts\search
[OK] CWD = D:\Code\prts\search
[OK] import uvicorn
[OK] import webview
[OK] import server
[OK] ui.py __main__ start
[OK] Starting uvicorn server...
[OK] icon_path = D:\Code\prts\search\assets\prts.ico
[OK] webview.create_window done, calling webview.start()
[OK] webview.start() returned
[OK] BASE_DIR = D:\Code\prts\search
[OK] CWD = D:\Code\prts\search
[OK] import uvicorn
[OK] import webview
[OK] import server
[OK] ui.py __main__ start
[OK] Starting uvicorn server...
[OK] icon_path = D:\Code\prts\search\assets\prts.ico
[OK] webview.create_window done, calling webview.start()
[OK] webview.start() returned
[OK] BASE_DIR = D:\Code\prts\search
[OK] CWD = D:\Code\prts\search
[OK] import uvicorn
[OK] import webview
[OK] import server
[OK] ui.py __main__ start
[OK] Starting uvicorn server...
[OK] icon_path = D:\Code\prts\search\assets\prts.ico
[OK] webview.create_window done, calling webview.start()
[OK] webview.start() returned
[OK] BASE_DIR = D:\Code\prts\search
[OK] CWD = D:\Code\prts\search
[OK] import uvicorn
[OK] import webview
[OK] import server
[OK] ui.py __main__ start
[OK] Starting uvicorn server...
[OK] icon_path = D:\Code\prts\search\assets\prts.ico
[OK] webview.create_window done, calling webview.start()
[OK] webview.start() returned
[OK] BASE_DIR = D:\Code\prts\search
[OK] CWD = D:\Code\prts\search
[OK] import uvicorn
[OK] import webview
[OK] import server
[OK] ui.py __main__ start
[OK] Starting uvicorn server...
[OK] icon_path = D:\Code\prts\search\assets\prts.ico
[OK] webview.create_window done, calling webview.start()
[OK] webview.start() returned
[OK] BASE_DIR = D:\Code\prts\search
[OK] CWD = D:\Code\prts\search
[OK] import uvicorn
[OK] import webview
[OK] import server
[OK] ui.py __main__ start
[OK] Starting uvicorn server...
[OK] icon_path = D:\Code\prts\search\assets\prts.ico
[OK] webview.create_window done, calling webview.start()
[OK] webview.start() returned
[OK] BASE_DIR = D:\Code\prts\search
[OK] CWD = D:\Code\prts\search
[OK] import uvicorn
[OK] import webview
[OK] import server
[OK] ui.py __main__ start
[OK] Starting uvicorn server...
[OK] icon_path = D:\Code\prts\search\assets\prts.ico
[OK] webview.create_window done, calling webview.start()
[OK] webview.start() returned
[OK] BASE_DIR = D:\Code\prts\search
[OK] CWD = D:\Code\prts\search
[OK] import uvicorn
[OK] import webview
[OK] import server
[OK] ui.py __main__ start
[OK] Starting uvicorn server...
[OK] icon_path = D:\Code\prts\search\assets\prts.ico
[OK] webview.create_window done, calling webview.start()
[OK] webview.start() returned
[OK] BASE_DIR = D:\Code\prts\search
[OK] CWD = D:\Code\prts\search
[OK] import uvicorn
[OK] import webview
[OK] import server
[OK] ui.py __main__ start
[OK] Starting uvicorn server...
[OK] icon_path = D:\Code\prts\search\assets\prts.ico
[OK] webview.create_window done, calling webview.start()
[OK] webview.start() returned
[OK] BASE_DIR = D:\Code\prts\search
[OK] CWD = D:\Code\prts\search
[OK] import uvicorn
[OK] import webview
[OK] import server
[OK] ui.py __main__ start
[OK] Starting uvicorn server...
[OK] icon_path = D:\Code\prts\search\assets\prts.ico
[OK] webview.create_window done, calling webview.start()
[OK] webview.start() returned
